/home/cunyuliu/miniconda3/envs/pc_cng/lib/python3.10/site-packages/rxnmapper/batched_mapper.py:4: UserWarning: pkg_resources is deprecated as an API. See https://setuptools.pypa.io/en/latest/pkg_resources.html. The pkg_resources package is slated for removal as early as 2025-11-30. Refrain from using this package or pin to Setuptools<81.
  import pkg_resources
[union] torch.cuda.is_available() = True
[union] device = NVIDIA A100-PCIE-40GB
[union] G8-C model loaded
[union] scenarios: ['author_lab', 'condition_space', 'random']

[union] === Scenario: author_lab ===
  [union] train source mixture: {'learned_structured': 158, 'rule_pc_cng': 164, 'shuffled_parent': 178}
  [union] trained (1000 samples, 594.5s) srcMacroAUPRC[semi_hard]=0.9972
  [CI:semi_hard] learned_union_vs_rule_pc_cng: delta=+0.2993 CI=[+0.0752, +0.3595] p=0.0000
  [CI:semi_hard] learned_union_vs_random_mismatch: delta=-0.0021 CI=[-0.0093, +0.1098] p=0.4650
  [CI:semi_hard] learned_union_vs_learned_structured: delta=-0.0028 CI=[-0.0098, +0.0723] p=0.5750
  [CI:semi_hard] learned_union_vs_shuffled_parent: delta=-0.0021 CI=[-0.0093, +0.1178] p=0.4570
  [CI:semi_hard] learned_union_vs_diff_semihard: delta=+0.0908 CI=[+0.0261, +0.1442] p=0.0000

[union] === Scenario: condition_space ===
  [union] train source mixture: {'learned_structured': 158, 'rule_pc_cng': 164, 'shuffled_parent': 178}
  [union] trained (1000 samples, 578.0s) srcMacroAUPRC[semi_hard]=0.9851
  [CI:semi_hard] learned_union_vs_rule_pc_cng: delta=+0.0491 CI=[+0.0153, +0.1369] p=0.0010
  [CI:semi_hard] learned_union_vs_random_mismatch: delta=+0.1043 CI=[-0.0079, +0.1559] p=0.0860
  [CI:semi_hard] learned_union_vs_learned_structured: delta=+0.0886 CI=[-0.0066, +0.1260] p=0.0700
  [CI:semi_hard] learned_union_vs_shuffled_parent: delta=+0.0910 CI=[-0.0069, +0.1549] p=0.0720
  [CI:semi_hard] learned_union_vs_diff_semihard: delta=+0.0661 CI=[+0.0203, +0.1179] p=0.0050

[union] === Scenario: random ===
  [union] train source mixture: {'learned_structured': 158, 'rule_pc_cng': 164, 'shuffled_parent': 178}
  [union] trained (1000 samples, 571.3s) srcMacroAUPRC[semi_hard]=0.9864
  [CI:semi_hard] learned_union_vs_rule_pc_cng: delta=+0.1056 CI=[+0.0655, +0.1375] p=0.0000
  [CI:semi_hard] learned_union_vs_random_mismatch: delta=+0.1243 CI=[+0.0797, +0.1584] p=0.0000
  [CI:semi_hard] learned_union_vs_learned_structured: delta=+0.0893 CI=[+0.0539, +0.1181] p=0.0000
  [CI:semi_hard] learned_union_vs_shuffled_parent: delta=+0.1153 CI=[+0.0727, +0.1497] p=0.0000
  [CI:semi_hard] learned_union_vs_diff_semihard: delta=+0.0191 CI=[-0.0010, +0.0396] p=0.0330

[union] === Holm correction (alpha=0.05) ===
  8/15 tests significant after Holm

[union] === source-macro AUPRC[semi_hard] vs base arms ===
  scenario            UNION  rule_pc_cng random_misma learned_stru shuffled_par diff_semihar
  author_lab         0.9972          nan          nan          nan          nan          nan
  condition_space    0.9851          nan          nan          nan          nan          nan
  random             0.9864          nan          nan          nan          nan          nan

[union] union numerically beats ALL base arms in 3/3 scenarios
[union] saved -> results/phase4_fixed_testset_v41/union_arm_results.json
