/home/cunyuliu/miniconda3/envs/pc_cng/lib/python3.10/site-packages/rxnmapper/batched_mapper.py:4: UserWarning: pkg_resources is deprecated as an API. See https://setuptools.pypa.io/en/latest/pkg_resources.html. The pkg_resources package is slated for removal as early as 2025-11-30. Refrain from using this package or pin to Setuptools<81.
  import pkg_resources
[union] base run manifest: gnn=True seed=20260726
[union] torch.cuda.is_available() = True
[union] device = NVIDIA A100-PCIE-40GB MIG 1g.5gb
[union] G8-C model loaded
[union] scenarios: ['ni_coupling', 'uspto_patent']

[union] === Scenario: ni_coupling ===
  [union] train source mixture: {'learned_structured': 158, 'rule_pc_cng': 164, 'shuffled_parent': 178}
  [union] trained (1000 samples, 235.2s) srcMacroAUPRC[semi_hard]=0.9923
  [CI:semi_hard] learned_union_vs_rule_pc_cng: delta=+0.0448 CI=[+0.0195, +0.0708] p=0.0010
  [CI:semi_hard] learned_union_vs_random_mismatch: delta=+0.0301 CI=[+0.0130, +0.0492] p=0.0000
  [CI:semi_hard] learned_union_vs_learned_structured: delta=+0.0030 CI=[-0.0082, +0.0134] p=0.2900
  [CI:semi_hard] learned_union_vs_shuffled_parent: delta=+0.0201 CI=[+0.0053, +0.0356] p=0.0070
  [CI:semi_hard] learned_union_vs_diff_semihard: delta=+0.0403 CI=[+0.0226, +0.0588] p=0.0000

[union] === Scenario: uspto_patent ===
  [union] train source mixture: {'learned_structured': 158, 'rule_pc_cng': 164, 'shuffled_parent': 178}
  [union] trained (1000 samples, 240.1s) srcMacroAUPRC[semi_hard]=0.8409
  [CI:semi_hard] learned_union_vs_rule_pc_cng: delta=+0.0669 CI=[+0.0368, +0.0931] p=0.0000
  [CI:semi_hard] learned_union_vs_random_mismatch: delta=+0.0794 CI=[+0.0425, +0.1099] p=0.0000
  [CI:semi_hard] learned_union_vs_learned_structured: delta=+0.0186 CI=[-0.0089, +0.0448] p=0.1030
  [CI:semi_hard] learned_union_vs_shuffled_parent: delta=+0.0423 CI=[+0.0124, +0.0737] p=0.0010
  [CI:semi_hard] learned_union_vs_diff_semihard: delta=-0.0171 CI=[-0.0422, +0.0104] p=0.8980

[union] === Holm correction (alpha=0.05) ===
  7/10 tests significant after Holm

[union] === source-macro AUPRC[semi_hard] vs base arms ===
  scenario            UNION  rule_pc_cng random_misma learned_stru shuffled_par diff_semihar
  ni_coupling        0.9923       0.9475       0.9622       0.9893       0.9722       0.9520
  uspto_patent       0.8409       0.7740       0.7615       0.8223       0.7985       0.8579

[union] union numerically beats ALL base arms in 1/2 scenarios
[union] saved -> results/phase4_fixed_testset_v41/union_arm_results.json
[null] torch.cuda.is_available() = True
[null] device = NVIDIA A100-PCIE-40GB MIG 1g.5gb
[null] scenarios: ['ni_coupling', 'uspto_patent']

[null] === Scenario: ni_coupling ===
  [null] trained on PERMUTED labels (1000 samples, 245.8s) srcMacroAUPRC[semi_hard]=0.7252 pooled=0.3439

[null] === Scenario: uspto_patent ===
  [null] trained on PERMUTED labels (1000 samples, 238.4s) srcMacroAUPRC[semi_hard]=0.5330 pooled=0.3638

[null] === NULL CONTROL SUMMARY ===
  median srcMacroAUPRC = 0.6291287640565584
  expectation: ~ slice base rate n_pos/(n_pos+n_neg) (0.5 only for balanced slices); a systematic excess would indicate evaluation leakage
[null] saved -> results/phase4_fixed_testset_v41/null_control_results.json
[agg] scenarios discovered: ['author_lab', 'condition_space', 'ni_coupling', 'random', 'reaction_family', 'scaffold', 'time', 'uspto_patent']

[agg] === source-macro AUPRC[semi_hard] horizontal table ===
  scenario           rule_pc_cng random_mismat learned_struc shuffled_pare     diff_easy diff_semihard     diff_hard learned_union null_randomiz
  author_lab              0.6979        0.9993        1.0000        0.9993        0.8122        0.9064        0.7653        0.9972        0.4915
  condition_space         0.9360        0.8808        0.8965        0.8941        0.9025        0.9190        0.8260        0.9851        0.6176
  ni_coupling             0.9475        0.9622        0.9893        0.9722        0.9558        0.9520        0.9014        0.9923        0.7252
  random                  0.8808        0.8621        0.8971        0.8711        0.9194        0.9674        0.8786        0.9864        0.6405
  reaction_family         0.8144        0.8945        0.9096        0.8994        0.8512        0.8861        0.8652        0.9386        0.6616
  scaffold                0.7821        0.8787        0.9142        0.8908        0.8354        0.8595        0.8782        0.9365        0.5991
  time                    0.7926        0.7945        0.8539        0.8487        0.8288        0.8338        0.8043        0.8925        0.5625
  uspto_patent            0.7740        0.7615        0.8223        0.7985        0.8131        0.8579        0.7971        0.8409        0.5330

[agg] === VERDICT ===
  H1  learned_structured SOTA: 0/8 scenarios
  H1u union SOTA:              0/8 scenarios
  H3  inverted-U (semihard>easy&hard): 2/8
  H2  null-control max |AUPRC - base_rate|: 0.0420 (OK no leakage)
  H2  shuffled_parent median srcMacro: 0.8924 (compatibility transfer)
[agg] saved -> results/phase4_fixed_testset_v41/phase4_v41_aggregation.json
