/home/cunyuliu/miniconda3/envs/pc_cng/lib/python3.10/site-packages/rxnmapper/batched_mapper.py:4: UserWarning: pkg_resources is deprecated as an API. See https://setuptools.pypa.io/en/latest/pkg_resources.html. The pkg_resources package is slated for removal as early as 2025-11-30. Refrain from using this package or pin to Setuptools<81.
  import pkg_resources
[phase4] torch.cuda.is_available() = True
[phase4] device = NVIDIA A100-PCIE-40GB MIG 1g.5gb
[phase4] GPU 0: 4.8/5.1 GB free
[phase4] output  : results/phase4_fixed_testset_v41
[phase4] use_gnn : True (available=True)
[phase4] frozen difficulty: difficulty_v1_frozen_20260726
[phase4] pools   : easy<0.40 | semi_hard[0.40,0.75] | hard>0.75
[phase4] G8-C model loaded

[phase4] === Scenario: author_lab ===
  train=500  test=200
  [candidates] train=2510 test=390 (70.7s)
  [gen-stats] {'rule_empty': 436, 'learned_ok': 694, 'rule_ok': 264, 'learned_empty': 6}
  [pool:easy] n_pos=10 sim_mean=0.3070393470352925 sources={'learned_structured': 10, 'random_real': 2, 'shuffled_real': 1} bal_excl={'random_real': 35, 'shuffled_real': 35}
  [pool:semi_hard] n_pos=37 sim_mean=0.6086437202740623 sources={'learned_structured': 37, 'rule_pc_cng': 7} bal_excl={'rule_pc_cng': 4}
  [pool:hard] n_pos=20 sim_mean=0.8502990222958432 sources={'learned_structured': 19, 'rule_pc_cng': 7, 'shuffled_real': 1} bal_excl={'rule_pc_cng': 4}
  [diff-arms] train candidates: {'diff_easy': 805, 'diff_semihard': 1426, 'diff_hard': 279} -> n_per_arm=279
  [rule_pc_cng] trained (1000 samples, 516.3s) srcMacroAUPRC[semi_hard]=0.6979
  [random_mismatch] trained (1000 samples, 512.1s) srcMacroAUPRC[semi_hard]=0.9993
  [learned_structured] trained (1000 samples, 464.4s) srcMacroAUPRC[semi_hard]=1.0000
  [shuffled_parent] trained (1000 samples, 516.2s) srcMacroAUPRC[semi_hard]=0.9993
  [diff_easy] trained (558 samples, 0.7s) srcMacroAUPRC[semi_hard]=0.8122
  [diff_semihard] trained (558 samples, 0.7s) srcMacroAUPRC[semi_hard]=0.9064
  [diff_hard] trained (558 samples, 0.7s) srcMacroAUPRC[semi_hard]=0.7653
  [CI:semi_hard] learned_structured_vs_rule_pc_cng: delta=+0.3021 CI=[+0.0252, +0.3640] p=0.0080
  [CI:semi_hard] learned_structured_vs_random_mismatch: delta=+0.0007 CI=[-0.0063, +0.0568] p=0.3410
  [CI:semi_hard] learned_structured_vs_shuffled_parent: delta=+0.0007 CI=[-0.0000, +0.0653] p=0.3150
  [CI:semi_hard] diff_semihard_vs_diff_easy: delta=+0.0943 CI=[+0.0127, +0.1628] p=0.0170
  [CI:semi_hard] diff_semihard_vs_diff_hard: delta=+0.1411 CI=[-0.0223, +0.2137] p=0.0680
  [H2] shuffled_parent srcMacroAUPRC[semi_hard]=0.9993 CI=[0.8642, 1.0000]

[phase4] === Scenario: condition_space ===
  train=500  test=200
  [candidates] train=2481 test=636 (64.0s)
  [gen-stats] {'rule_ok': 240, 'learned_ok': 696, 'rule_empty': 460, 'learned_empty': 4}
  [pool:easy] n_pos=37 sim_mean=0.2373306516023906 sources={'learned_structured': 35, 'random_real': 12, 'shuffled_real': 9, 'rule_pc_cng': 1} bal_excl={'random_real': 50, 'shuffled_real': 50}
  [pool:semi_hard] n_pos=60 sim_mean=0.5597764841783217 sources={'learned_structured': 57, 'rule_pc_cng': 18, 'shuffled_real': 1} bal_excl={'shuffled_real': 1}
  [pool:hard] n_pos=24 sim_mean=0.8038829291857156 sources={'rule_pc_cng': 14, 'learned_structured': 14, 'shuffled_real': 1} bal_excl={'rule_pc_cng': 6}
  [diff-arms] train candidates: {'diff_easy': 776, 'diff_semihard': 1433, 'diff_hard': 272} -> n_per_arm=272
  [rule_pc_cng] trained (1000 samples, 385.4s) srcMacroAUPRC[semi_hard]=0.9360
  [random_mismatch] trained (1000 samples, 272.1s) srcMacroAUPRC[semi_hard]=0.8808
  [learned_structured] trained (1000 samples, 395.5s) srcMacroAUPRC[semi_hard]=0.8965
  [shuffled_parent] trained (1000 samples, 318.7s) srcMacroAUPRC[semi_hard]=0.8941
  [diff_easy] trained (544 samples, 0.8s) srcMacroAUPRC[semi_hard]=0.9025
  [diff_semihard] trained (544 samples, 0.8s) srcMacroAUPRC[semi_hard]=0.9190
  [diff_hard] trained (544 samples, 0.8s) srcMacroAUPRC[semi_hard]=0.8260
  [CI:semi_hard] learned_structured_vs_rule_pc_cng: delta=-0.0395 CI=[-0.0934, +0.1379] p=0.7910
  [CI:semi_hard] learned_structured_vs_random_mismatch: delta=+0.0157 CI=[-0.0105, +0.0530] p=0.1910
  [CI:semi_hard] learned_structured_vs_shuffled_parent: delta=+0.0024 CI=[-0.0206, +0.0479] p=0.3480
  [CI:semi_hard] diff_semihard_vs_diff_easy: delta=+0.0164 CI=[-0.0359, +0.0788] p=0.2650
  [CI:semi_hard] diff_semihard_vs_diff_hard: delta=+0.0930 CI=[+0.0375, +0.1809] p=0.0000
  [H2] shuffled_parent srcMacroAUPRC[semi_hard]=0.8941 CI=[0.8286, 1.0000]

[phase4] === Scenario: random ===
  train=500  test=200
  [candidates] train=2813 test=1558 (61.1s)
  [gen-stats] {'rule_ok': 256, 'learned_ok': 692, 'rule_empty': 444, 'learned_empty': 8}
  [pool:easy] n_pos=70 sim_mean=0.23581742307559472 sources={'learned_structured': 59, 'random_real': 17, 'shuffled_real': 26} bal_excl={'random_real': 129, 'shuffled_real': 119}
  [pool:semi_hard] n_pos=146 sim_mean=0.5795034725582466 sources={'learned_structured': 144, 'rule_pc_cng': 37} bal_excl={'random_real': 1, 'rule_pc_cng': 5, 'shuffled_real': 1}
  [pool:hard] n_pos=59 sim_mean=0.8110279326287602 sources={'learned_structured': 44, 'rule_pc_cng': 29, 'shuffled_real': 1} bal_excl={'rule_pc_cng': 6}
  [diff-arms] train candidates: {'diff_easy': 881, 'diff_semihard': 1575, 'diff_hard': 357} -> n_per_arm=357
  [rule_pc_cng] trained (1000 samples, 273.2s) srcMacroAUPRC[semi_hard]=0.8808
  [random_mismatch] trained (1000 samples, 429.5s) srcMacroAUPRC[semi_hard]=0.8621
  [learned_structured] trained (1000 samples, 534.9s) srcMacroAUPRC[semi_hard]=0.8971
  [shuffled_parent] trained (1000 samples, 566.7s) srcMacroAUPRC[semi_hard]=0.8711
  [diff_easy] trained (714 samples, 1.1s) srcMacroAUPRC[semi_hard]=0.9194
  [diff_semihard] trained (714 samples, 1.0s) srcMacroAUPRC[semi_hard]=0.9674
  [diff_hard] trained (714 samples, 1.0s) srcMacroAUPRC[semi_hard]=0.8786
  [CI:semi_hard] learned_structured_vs_rule_pc_cng: delta=+0.0163 CI=[-0.0326, +0.0709] p=0.2690
  [CI:semi_hard] learned_structured_vs_random_mismatch: delta=+0.0350 CI=[+0.0081, +0.0628] p=0.0030
  [CI:semi_hard] learned_structured_vs_shuffled_parent: delta=+0.0260 CI=[-0.0002, +0.0531] p=0.0290
  [CI:semi_hard] diff_semihard_vs_diff_easy: delta=+0.0480 CI=[+0.0185, +0.0750] p=0.0000
  [CI:semi_hard] diff_semihard_vs_diff_hard: delta=+0.0888 CI=[+0.0587, +0.1153] p=0.0000
  [H2] shuffled_parent srcMacroAUPRC[semi_hard]=0.8711 CI=[0.8399, 0.9159]

[phase4] === Scenario: reaction_family ===
  train=500  test=200
  [candidates] train=2553 test=727 (66.6s)
  [gen-stats] {'rule_empty': 433, 'learned_ok': 692, 'rule_ok': 267, 'learned_empty': 8}
  [pool:easy] n_pos=35 sim_mean=0.2420193685315536 sources={'learned_structured': 34, 'random_real': 10, 'rule_pc_cng': 1, 'shuffled_real': 7} bal_excl={'random_real': 54, 'shuffled_real': 57}
  [pool:semi_hard] n_pos=61 sim_mean=0.5787449962015407 sources={'learned_structured': 60, 'rule_pc_cng': 22, 'shuffled_real': 1} bal_excl={'rule_pc_cng': 1, 'random_real': 1}
  [pool:hard] n_pos=23 sim_mean=0.8105949024844894 sources={'learned_structured': 14, 'rule_pc_cng': 18} bal_excl={'rule_pc_cng': 9}
  [diff-arms] train candidates: {'diff_easy': 770, 'diff_semihard': 1452, 'diff_hard': 331} -> n_per_arm=331
  [rule_pc_cng] trained (1000 samples, 473.5s) srcMacroAUPRC[semi_hard]=0.8144
  [random_mismatch] trained (1000 samples, 428.7s) srcMacroAUPRC[semi_hard]=0.8945
  [learned_structured] trained (1000 samples, 389.0s) srcMacroAUPRC[semi_hard]=0.9096
  [shuffled_parent] trained (1000 samples, 342.4s) srcMacroAUPRC[semi_hard]=0.8994
  [diff_easy] trained (662 samples, 0.6s) srcMacroAUPRC[semi_hard]=0.8512
  [diff_semihard] trained (662 samples, 0.6s) srcMacroAUPRC[semi_hard]=0.8861
  [diff_hard] trained (662 samples, 0.6s) srcMacroAUPRC[semi_hard]=0.8652
  [CI:semi_hard] learned_structured_vs_rule_pc_cng: delta=+0.0952 CI=[+0.0249, +0.1626] p=0.0020
  [CI:semi_hard] learned_structured_vs_random_mismatch: delta=+0.0152 CI=[-0.0084, +0.0347] p=0.1160
  [CI:semi_hard] learned_structured_vs_shuffled_parent: delta=+0.0103 CI=[-0.0158, +0.0320] p=0.2140
  [CI:semi_hard] diff_semihard_vs_diff_easy: delta=+0.0349 CI=[-0.0144, +0.0753] p=0.0800
  [CI:semi_hard] diff_semihard_vs_diff_hard: delta=+0.0209 CI=[-0.0280, +0.0765] p=0.2050
  [H2] shuffled_parent srcMacroAUPRC[semi_hard]=0.8994 CI=[0.8572, 0.9507]

[phase4] === Scenario: scaffold ===
  train=500  test=200
  [candidates] train=2416 test=698 (61.8s)
  [gen-stats] {'rule_empty': 446, 'learned_ok': 688, 'rule_ok': 254, 'learned_empty': 12}
  [pool:easy] n_pos=38 sim_mean=0.2378220804992448 sources={'learned_structured': 33, 'shuffled_real': 16, 'random_real': 7} bal_excl={'random_real': 61, 'shuffled_real': 46}
  [pool:semi_hard] n_pos=66 sim_mean=0.5520119129285052 sources={'learned_structured': 66, 'rule_pc_cng': 19, 'shuffled_real': 3, 'random_real': 1} bal_excl={'shuffled_real': 3, 'rule_pc_cng': 1}
  [pool:hard] n_pos=21 sim_mean=0.7985816375234898 sources={'learned_structured': 14, 'rule_pc_cng': 8, 'shuffled_real': 1} bal_excl={}
  [diff-arms] train candidates: {'diff_easy': 771, 'diff_semihard': 1331, 'diff_hard': 314} -> n_per_arm=314
  [rule_pc_cng] trained (1000 samples, 467.6s) srcMacroAUPRC[semi_hard]=0.7821
  [random_mismatch] trained (1000 samples, 533.1s) srcMacroAUPRC[semi_hard]=0.8787
  [learned_structured] trained (1000 samples, 509.9s) srcMacroAUPRC[semi_hard]=0.9142
  [shuffled_parent] trained (1000 samples, 427.3s) srcMacroAUPRC[semi_hard]=0.8908
  [diff_easy] trained (628 samples, 0.8s) srcMacroAUPRC[semi_hard]=0.8354
  [diff_semihard] trained (628 samples, 0.8s) srcMacroAUPRC[semi_hard]=0.8595
  [diff_hard] trained (628 samples, 0.7s) srcMacroAUPRC[semi_hard]=0.8782
  [CI:semi_hard] learned_structured_vs_rule_pc_cng: delta=+0.1320 CI=[+0.0339, +0.2614] p=0.0020
  [CI:semi_hard] learned_structured_vs_random_mismatch: delta=+0.0355 CI=[-0.0106, +0.0661] p=0.0800
  [CI:semi_hard] learned_structured_vs_shuffled_parent: delta=+0.0234 CI=[-0.0208, +0.0521] p=0.1800
  [CI:semi_hard] diff_semihard_vs_diff_easy: delta=+0.0241 CI=[-0.0364, +0.0807] p=0.2010
  [CI:semi_hard] diff_semihard_vs_diff_hard: delta=-0.0187 CI=[-0.0667, +0.0505] p=0.6320
  [H2] shuffled_parent srcMacroAUPRC[semi_hard]=0.8908 CI=[0.8454, 0.9858]

[phase4] === Scenario: time ===
  train=500  test=200
  [candidates] train=2541 test=686 (65.6s)
  [gen-stats] {'rule_empty': 442, 'learned_ok': 683, 'rule_ok': 258, 'learned_empty': 17}
  [pool:easy] n_pos=48 sim_mean=0.22866422678529782 sources={'learned_structured': 45, 'rule_pc_cng': 1, 'random_real': 14, 'shuffled_real': 14} bal_excl={'random_real': 49, 'shuffled_real': 47}
  [pool:semi_hard] n_pos=55 sim_mean=0.5601072674183799 sources={'learned_structured': 52, 'rule_pc_cng': 28} bal_excl={}
  [pool:hard] n_pos=11 sim_mean=0.7981368806866711 sources={'learned_structured': 9, 'rule_pc_cng': 4, 'shuffled_real': 2} bal_excl={}
  [diff-arms] train candidates: {'diff_easy': 706, 'diff_semihard': 1475, 'diff_hard': 360} -> n_per_arm=360
  [rule_pc_cng] trained (1000 samples, 462.6s) srcMacroAUPRC[semi_hard]=0.7926
  [random_mismatch] trained (1000 samples, 506.2s) srcMacroAUPRC[semi_hard]=0.7945
  [learned_structured] trained (1000 samples, 484.4s) srcMacroAUPRC[semi_hard]=0.8539
  [shuffled_parent] trained (1000 samples, 522.1s) srcMacroAUPRC[semi_hard]=0.8487
  [diff_easy] trained (720 samples, 0.9s) srcMacroAUPRC[semi_hard]=0.8288
  [diff_semihard] trained (720 samples, 0.8s) srcMacroAUPRC[semi_hard]=0.8338
  [diff_hard] trained (720 samples, 0.8s) srcMacroAUPRC[semi_hard]=0.8043
  [CI:semi_hard] learned_structured_vs_rule_pc_cng: delta=+0.0613 CI=[-0.0226, +0.1303] p=0.0650
  [CI:semi_hard] learned_structured_vs_random_mismatch: delta=+0.0595 CI=[+0.0152, +0.1048] p=0.0040
  [CI:semi_hard] learned_structured_vs_shuffled_parent: delta=+0.0052 CI=[-0.0242, +0.0357] p=0.3310
  [CI:semi_hard] diff_semihard_vs_diff_easy: delta=+0.0051 CI=[-0.0461, +0.0626] p=0.4120
  [CI:semi_hard] diff_semihard_vs_diff_hard: delta=+0.0296 CI=[-0.0136, +0.0855] p=0.0940
  [H2] shuffled_parent srcMacroAUPRC[semi_hard]=0.8487 CI=[0.7818, 0.9187]

[phase4] === Scenario: ni_coupling ===
  train=500  test=200
  [candidates] train=3356 test=1346 (39.1s)
  [gen-stats] {'rule_ok': 395, 'learned_ok': 570, 'rule_empty': 305, 'learned_empty': 130}
  [pool:easy] n_pos=140 sim_mean=0.2677863141649406 sources={'learned_structured': 88, 'random_real': 70, 'shuffled_real': 74, 'rule_pc_cng': 9} bal_excl={'random_real': 98, 'shuffled_real': 101}
  [pool:semi_hard] n_pos=157 sim_mean=0.5348599043926875 sources={'rule_pc_cng': 115, 'shuffled_real': 14, 'learned_structured': 113, 'random_real': 16} bal_excl={'random_real': 16, 'shuffled_real': 10, 'rule_pc_cng': 1}
  [pool:hard] n_pos=18 sim_mean=0.7955096604595058 sources={'learned_structured': 11, 'rule_pc_cng': 8, 'shuffled_real': 1} bal_excl={}
  [diff-arms] train candidates: {'diff_easy': 1267, 'diff_semihard': 2016, 'diff_hard': 73} -> n_per_arm=73
  [rule_pc_cng] trained (1000 samples, 344.0s) srcMacroAUPRC[semi_hard]=0.9475
  [random_mismatch] trained (1000 samples, 348.9s) srcMacroAUPRC[semi_hard]=0.9622
  [learned_structured] trained (1000 samples, 356.7s) srcMacroAUPRC[semi_hard]=0.9893
  [shuffled_parent] trained (1000 samples, 359.6s) srcMacroAUPRC[semi_hard]=0.9722
  [diff_easy] trained (146 samples, 1.0s) srcMacroAUPRC[semi_hard]=0.9558
  [diff_semihard] trained (146 samples, 1.1s) srcMacroAUPRC[semi_hard]=0.9520
  [diff_hard] trained (146 samples, 1.2s) srcMacroAUPRC[semi_hard]=0.9014
  [CI:semi_hard] learned_structured_vs_rule_pc_cng: delta=+0.0418 CI=[+0.0194, +0.0654] p=0.0000
  [CI:semi_hard] learned_structured_vs_random_mismatch: delta=+0.0271 CI=[+0.0117, +0.0450] p=0.0000
  [CI:semi_hard] learned_structured_vs_shuffled_parent: delta=+0.0171 CI=[+0.0035, +0.0314] p=0.0050
  [CI:semi_hard] diff_semihard_vs_diff_easy: delta=-0.0038 CI=[-0.0221, +0.0171] p=0.6340
  [CI:semi_hard] diff_semihard_vs_diff_hard: delta=+0.0506 CI=[+0.0205, +0.0837] p=0.0000
  [H2] shuffled_parent srcMacroAUPRC[semi_hard]=0.9722 CI=[0.9571, 0.9845]

[phase4] === Scenario: uspto_patent ===
  train=500  test=200
  [candidates] train=6548 test=2593 (95.9s)
  [gen-stats] {'rule_ok': 693, 'learned_ok': 697, 'rule_empty': 7, 'learned_empty': 3}
  [pool:easy] n_pos=93 sim_mean=0.21727568766567537 sources={'learned_structured': 58, 'random_real': 39, 'rule_pc_cng': 8, 'shuffled_real': 33} bal_excl={'random_real': 161, 'shuffled_real': 167}
  [pool:semi_hard] n_pos=199 sim_mean=0.6174912188708581 sources={'learned_structured': 188, 'rule_pc_cng': 163} bal_excl={'rule_pc_cng': 9}
  [pool:hard] n_pos=140 sim_mean=0.8027151838696335 sources={'learned_structured': 65, 'rule_pc_cng': 131} bal_excl={'rule_pc_cng': 5}
  [diff-arms] train candidates: {'diff_easy': 1451, 'diff_semihard': 3641, 'diff_hard': 1456} -> n_per_arm=500
  [rule_pc_cng] trained (1000 samples, 389.7s) srcMacroAUPRC[semi_hard]=0.7740
  [random_mismatch] trained (1000 samples, 350.8s) srcMacroAUPRC[semi_hard]=0.7615
  [learned_structured] trained (1000 samples, 300.8s) srcMacroAUPRC[semi_hard]=0.8223
  [shuffled_parent] trained (1000 samples, 308.0s) srcMacroAUPRC[semi_hard]=0.7985
  [diff_easy] trained (1000 samples, 1.9s) srcMacroAUPRC[semi_hard]=0.8131
  [diff_semihard] trained (1000 samples, 2.2s) srcMacroAUPRC[semi_hard]=0.8579
  [diff_hard] trained (1000 samples, 1.9s) srcMacroAUPRC[semi_hard]=0.7971
  [CI:semi_hard] learned_structured_vs_rule_pc_cng: delta=+0.0483 CI=[+0.0114, +0.0823] p=0.0040
  [CI:semi_hard] learned_structured_vs_random_mismatch: delta=+0.0608 CI=[+0.0245, +0.0935] p=0.0000
  [CI:semi_hard] learned_structured_vs_shuffled_parent: delta=+0.0238 CI=[-0.0100, +0.0570] p=0.0910
  [CI:semi_hard] diff_semihard_vs_diff_easy: delta=+0.0448 CI=[+0.0142, +0.0727] p=0.0030
  [CI:semi_hard] diff_semihard_vs_diff_hard: delta=+0.0608 CI=[+0.0223, +0.0949] p=0.0010
  [H2] shuffled_parent srcMacroAUPRC[semi_hard]=0.7985 CI=[0.7712, 0.8288]

[phase4] === Holm correction (family-wise alpha=0.05) ===
  8/40 tests significant after Holm

[phase4] === Horizontal comparison table: source-macro AUPRC[semi_hard] (fixed test set) ===
  scenario          rule_pc_cng         random_mismatch     learned_structured  shuffled_parent     diff_easy           diff_semihard       diff_hard           
  author_lab        0.6979              0.9993              1.0000              0.9993              0.8122              0.9064              0.7653              
  condition_space   0.9360              0.8808              0.8965              0.8941              0.9025              0.9190              0.8260              
  random            0.8808              0.8621              0.8971              0.8711              0.9194              0.9674              0.8786              
  reaction_family   0.8144              0.8945              0.9096              0.8994              0.8512              0.8861              0.8652              
  scaffold          0.7821              0.8787              0.9142              0.8908              0.8354              0.8595              0.8782              
  time              0.7926              0.7945              0.8539              0.8487              0.8288              0.8338              0.8043              
  ni_coupling       0.9475              0.9622              0.9893              0.9722              0.9558              0.9520              0.9014              
  uspto_patent      0.7740              0.7615              0.8223              0.7985              0.8131              0.8579              0.7971              

[phase4] === Verdict ===
  H1 (learned SOTA on fixed semi_hard): 0/8 scenarios -> NO_GO
  H2 (shuffled ~0.5 hard control): median=0.8924 -> NOT_ACHIEVED
  H3 (inverted-U utility): 1/8 scenarios semihard>easy&hard -> NOT_SUPPORTED

[phase4] DONE in 14425.7s
[phase4] Results: results/phase4_fixed_testset_v41
