[P4-G8B-v2] Loading HTE manifest: data/p4/manifests/hte_feasibility_v2.json
[P4-G8B-v2] Classifying USPTO reactions (rule-based EAS / C-N)...
/home/cunyuliu/miniconda3/envs/pc_cng_gpu/lib/python3.10/site-packages/rxnmapper/batched_mapper.py:4: UserWarning: pkg_resources is deprecated as an API. See https://setuptools.pypa.io/en/latest/pkg_resources.html. The pkg_resources package is slated for removal as early as 2025-11-30. Refrain from using this package or pin to Setuptools<81.
  import pkg_resources
[P4-G8B-v2] Classifying ORD reactions...
  USPTO:C-N coupling: train=1306 val=204 test=173
  USPTO:EAS: train=2129 val=283 test=262
  ORD:C-N coupling: train=14 val=1 test=5
  ORD:EAS: train=31 val=0 test=4
  HTE:Alkylation: train=93 val=15 test=27
  HTE:Amide coupling: train=12 val=6 test=0
  HTE:Cabonylation: train=60 val=9 test=9
  HTE:Cu coupling: train=30 val=6 test=3
  HTE:Hydrogenation: train=54 val=9 test=0
  HTE:Ni coupling: train=6 val=0 test=0
  HTE:Pd coupling: train=354 val=42 test=27
  HTE:Rh coupling: train=60 val=3 test=6
  HTE:Untagged: train=513 val=63 test=93

[P4-G8B-v2] 7 directions × 6 methods × 10 seeds

[P4-G8B-v2] === USPTO:EAS→USPTO:C-N coupling ===
  direct         mrr=0.0334 delta=-0.0024 CI[-0.0014,-0.0000] p=0.0020
  head_ft        mrr=0.0343 delta=-0.0015 CI[-0.0005,-0.0000] p=0.0020
  lora_adapter   mrr=0.0351 delta=-0.0006 CI[-0.0004,+0.0000] p=0.0020
  ewc            mrr=0.0351 delta=-0.0006 CI[-0.0002,+0.0000] p=0.0020
  risk_aware     mrr=0.0335 delta=-0.0023 CI[-0.0013,-0.0000] p=0.0020
  multi_task     mrr=0.0358 delta=+0.0000 CI[-0.0000,+0.0001] p=0.1797

[P4-G8B-v2] === USPTO:C-N coupling→USPTO:EAS ===
  direct         mrr=0.0268 delta=-0.0088 CI[-0.0020,-0.0009] p=0.0020
  head_ft        mrr=0.0267 delta=-0.0089 CI[-0.0022,-0.0010] p=0.0020
  lora_adapter   mrr=0.0349 delta=-0.0007 CI[-0.0001,-0.0000] p=0.0020
  ewc            mrr=0.0355 delta=-0.0001 CI[-0.0000,+0.0000] p=0.0215
  risk_aware     mrr=0.0270 delta=-0.0086 CI[-0.0021,-0.0009] p=0.0020
  multi_task     mrr=0.0350 delta=-0.0006 CI[-0.0001,-0.0000] p=0.0020

[P4-G8B-v2] === USPTO:EAS+C-N→HTE:Pd coupling ===
  direct         mrr=0.1341 delta=-0.0734 CI[-0.0367,-0.0135] p=0.0195
  head_ft        mrr=0.1011 delta=-0.1064 CI[-0.0399,-0.0212] p=0.0020
  lora_adapter   mrr=0.1003 delta=-0.1071 CI[-0.0414,-0.0092] p=0.0020
  ewc            mrr=0.1189 delta=-0.0885 CI[-0.0379,-0.0125] p=0.0020
  risk_aware     mrr=0.1230 delta=-0.0844 CI[-0.0377,-0.0166] p=0.0039
  multi_task     mrr=0.1404 delta=-0.0670 CI[-0.0301,+0.0013] p=0.0098

[P4-G8B-v2] === USPTO:EAS+C-N→HTE:Alkylation ===
  direct         mrr=0.1469 delta=-0.1099 CI[-0.0339,-0.0119] p=0.0020
  head_ft        mrr=0.1437 delta=-0.1132 CI[-0.0339,-0.0120] p=0.0020
  lora_adapter   mrr=0.1463 delta=-0.1105 CI[-0.0355,-0.0142] p=0.0020
  ewc            mrr=0.1082 delta=-0.1487 CI[-0.0422,-0.0285] p=0.0020
  risk_aware     mrr=0.1445 delta=-0.1123 CI[-0.0343,-0.0127] p=0.0020
  multi_task     mrr=0.1483 delta=-0.1085 CI[-0.0356,-0.0042] p=0.0020

[P4-G8B-v2] === HTE:Pd coupling→HTE:Alkylation ===
  direct         mrr=0.2393 delta=-0.0175 CI[-0.0156,+0.0072] p=0.1992
  head_ft        mrr=0.2390 delta=-0.0178 CI[-0.0159,+0.0072] p=0.1953
  lora_adapter   mrr=0.2414 delta=-0.0155 CI[-0.0149,+0.0076] p=0.2422
  ewc            mrr=0.2698 delta=+0.0130 CI[-0.0104,+0.0087] p=0.4082
  risk_aware     mrr=0.2405 delta=-0.0163 CI[-0.0162,+0.0066] p=0.2227
  multi_task     mrr=0.2817 delta=+0.0249 CI[-0.0030,+0.0021] p=0.0176

[P4-G8B-v2] === HTE:Alkylation→HTE:Pd coupling ===
  direct         mrr=0.1418 delta=-0.0656 CI[-0.0338,-0.0178] p=0.0078
  head_ft        mrr=0.1417 delta=-0.0658 CI[-0.0340,-0.0181] p=0.0078
  lora_adapter   mrr=0.1548 delta=-0.0527 CI[-0.0235,+0.0061] p=0.0234
  ewc            mrr=0.2249 delta=+0.0175 CI[-0.0151,+0.0088] p=0.3281
  risk_aware     mrr=0.1419 delta=-0.0656 CI[-0.0338,-0.0178] p=0.0078
  multi_task     mrr=0.2145 delta=+0.0070 CI[-0.0169,+0.0103] p=0.6602

[P4-G8B-v2] === HTE:Alkylation→HTE:Cabonylation ===
  direct         mrr=0.2699 delta=-0.2230 CI[-0.0758,+0.0496] p=0.0020
  head_ft        mrr=0.2699 delta=-0.2230 CI[-0.0758,+0.0496] p=0.0020
  lora_adapter   mrr=0.2666 delta=-0.2263 CI[-0.0755,+0.0495] p=0.0020
  ewc            mrr=0.3999 delta=-0.0930 CI[-0.0286,+0.0494] p=0.0234
  risk_aware     mrr=0.2631 delta=-0.2298 CI[-0.0757,+0.0496] p=0.0020
  multi_task     mrr=0.5295 delta=+0.0366 CI[-0.0104,+0.0676] p=0.3828

[P4-G8B-v2] Complete (173653.0s)  Verdict: NO_GO
[P4-G8B-v2] No positive transfer with CI>0
