[P4-G2] Stage: smoke
[P4-G2] Manifest: /home/cunyuliu/pc_cng_research/data/p4/manifests/hte_feasibility_v1.json
[P4-G2] Output: /home/cunyuliu/pc_cng_research/results/p4_lora_ablation
[P4-G2] Device: cuda:0
[P4-G2] Loading manifest data...
  Train: 3152 candidates (394 gold)
  Val:   408 candidates (51 gold)
  Test:  440 candidates (55 gold)
[P4-G2] Auto-discovering module names...
  Config registry saved: /home/cunyuliu/pc_cng_research/results/p4_lora_ablation/config_registry.json
  Discovered Linear modules: 26
  ffn patterns: ['backbone.encoder_layers.*.linear1', 'backbone.encoder_layers.*.linear2']
  attention patterns: ['backbone.encoder_layers.*.self_attn.out_proj']
  all_linear patterns: ['backbone.encoder_layers.*.linear1', 'backbone.encoder_layers.*.linear2', 'backbone.encoder_layers.*.self_attn.out_proj']
[P4-G2] Configs: ['C1', 'C2', 'C3', 'C4', 'C5', 'C6']
[P4-G2] Seeds: [20260721]
[P4-G2] Epochs: 2

[P4-G2] Running C1 (zero_shot_frozen) seed=20260721...
/home/cunyuliu/miniconda3/envs/pc_cng_gpu/lib/python3.10/site-packages/torch/nn/functional.py:5962: UserWarning: Support for mismatched key_padding_mask and attn_mask is deprecated. Use same type for both instead.
  warnings.warn(
/home/cunyuliu/miniconda3/envs/pc_cng_gpu/lib/python3.10/site-packages/torch/nn/functional.py:5962: UserWarning: Support for mismatched key_padding_mask and attn_mask is deprecated. Use same type for both instead.
  warnings.warn(
  trainable_params: 131585
  test MRR: 0.2124  Top1: 0.0000  NDCG: 0.3950
  wall_clock: 11.1s  peak_mem: 165MB

[P4-G2] Running C2 (lora_baseline_ffn) seed=20260721...
  Epoch 1/2: train_loss=1.2218 val_loss=0.7133
  trainable_params: 377345
  test MRR: 0.4178  Top1: 0.1818  NDCG: 0.5581
  wall_clock: 107.0s  peak_mem: 868MB

[P4-G2] Running C3 (lora_attention) seed=20260721...
  Epoch 1/2: train_loss=1.2209 val_loss=0.7211
  trainable_params: 180737
  test MRR: 0.4932  Top1: 0.2000  NDCG: 0.6192
  wall_clock: 65.1s  peak_mem: 197MB

[P4-G2] Running C4 (lora_all_linear_r8) seed=20260721...
  Epoch 1/2: train_loss=1.2178 val_loss=0.6787
  trainable_params: 426497
  test MRR: 0.4759  Top1: 0.2364  NDCG: 0.6041
  wall_clock: 109.8s  peak_mem: 875MB

[P4-G2] Running C5 (lora_all_linear_r16) seed=20260721...
  Epoch 1/2: train_loss=1.2155 val_loss=0.6574
  trainable_params: 721409
  test MRR: 0.5352  Top1: 0.2909  NDCG: 0.6501
  wall_clock: 90.0s  peak_mem: 880MB

[P4-G2] Running C6 (full_finetune) seed=20260721...
  Epoch 1/2: train_loss=1.2289 val_loss=0.7079
  trainable_params: 19314785
  test MRR: 0.5455  Top1: 0.3091  NDCG: 0.6577
  wall_clock: 102.0s  peak_mem: 1208MB

[P4-G2] Summary CSV: /home/cunyuliu/pc_cng_research/results/p4_lora_ablation/summary.csv
[P4-G2] Non-inferiority: /home/cunyuliu/pc_cng_research/results/p4_lora_ablation/noninferiority.json
  C2: INSUFFICIENT_SEEDS (delta_mean=?, ci_low=?)
  C3: INSUFFICIENT_SEEDS (delta_mean=?, ci_low=?)
  C4: INSUFFICIENT_SEEDS (delta_mean=?, ci_low=?)
  C5: INSUFFICIENT_SEEDS (delta_mean=?, ci_low=?)

[P4-G2] GO/NO-GO: /home/cunyuliu/pc_cng_research/results/p4_lora_ablation/go_no_go.json
  Status: NO_GO
